
[TestGenerateContext - 1]
{
 "caches": {
  "apt": {
   "directory": "/var/cache/apt",
   "type": "locked"
  },
  "apt-lists": {
   "directory": "/var/lib/apt/lists",
   "type": "locked"
  }
 },
 "deploy": {
  "inputs": [
   {
    "step": "build"
   }
  ],
  "startCommand": "echo hello",
  "variables": {
   "HELLO": "world"
  }
 },
 "secrets": [
  "RAILWAY_SECRET_1",
  "RAILWAY_SECRET_2"
 ],
 "steps": [
  {
   "assets": {
    "mise.toml": "[tools]\n  [tools.go]\n    version = \"1.23.5\"\n  [tools.node]\n    version = \"20.18.2\"\n  [tools.python]\n    version = \"3.13.1\"\n"
   },
   "commands": [
    {
     "path": "/mise/shims"
    },
    {
     "customName": "create mise config",
     "name": "mise.toml",
     "path": "/etc/mise/config.toml"
    },
    {
     "cmd": "sh -c 'mise trust -a \u0026\u0026 mise install'",
     "customName": "install mise packages: go, node, python"
    }
   ],
   "inputs": [
    {
     "image": "ghcr.io/railwayapp/railpack-builder-base:latest"
    }
   ],
   "name": "packages:mise",
   "variables": {
    "MISE_CACHE_DIR": "/mise/cache",
    "MISE_CONFIG_DIR": "/mise",
    "MISE_DATA_DIR": "/mise",
    "MISE_INSTALLS_DIR": "/mise/installs",
    "MISE_SHIMS_DIR": "/mise/shims"
   }
  },
  {
   "caches": [
    "apt",
    "apt-lists"
   ],
   "commands": [
    {
     "cmd": "sh -c 'apt-get update \u0026\u0026 apt-get install -y git neofetch'",
     "customName": "install apt packages: git neofetch"
    }
   ],
   "inputs": [
    {
     "step": "packages:mise"
    }
   ],
   "name": "packages:test"
  },
  {
   "commands": [
    {
     "cmd": "npm install"
    }
   ],
   "inputs": [
    {
     "step": "packages:test"
    }
   ],
   "name": "install"
  },
  {
   "commands": [
    {
     "cmd": "sh -c 'echo building'",
     "customName": "echo building"
    }
   ],
   "inputs": [
    {
     "step": "install"
    }
   ],
   "name": "build",
   "secrets": [
    "*"
   ]
  }
 ]
}
---
