
[TestGenerateContext - 1]
{
 "baseImage": "ghcr.io/railwayapp/railpack-runtime-base:latest",
 "caches": {
  "apt": {
   "directory": "/var/cache/apt",
   "type": "locked"
  },
  "apt-lists": {
   "directory": "/var/lib/apt/lists",
   "type": "locked"
  },
  "root": {
   "directory": "/root/.cache",
   "type": "shared"
  }
 },
 "secrets": [
  "RAILWAY_SECRET_1",
  "RAILWAY_SECRET_2"
 ],
 "start": {
  "cmd": "npm run start",
  "variables": {
   "HELLO": "world"
  }
 },
 "steps": [
  {
   "assets": {
    "mise.toml": "[tools]\n  [tools.go]\n    version = \"1.23.5\"\n  [tools.node]\n    version = \"20.18.2\"\n  [tools.python]\n    version = \"3.13.1\"\n"
   },
   "caches": [
    "root"
   ],
   "commands": [
    {
     "path": "/mise/shims"
    },
    {
     "cmd": "sh -c 'apt-get update \u0026\u0026 apt-get install -y curl'",
     "customName": "install apt packages: curl"
    },
    {
     "customName": "create mise config",
     "name": "mise.toml",
     "path": "/etc/mise/config.toml"
    },
    {
     "cmd": "sh -c 'mise trust -a \u0026\u0026 mise install'",
     "customName": "install mise packages: go, node, python"
    }
   ],
   "name": "packages:mise",
   "outputs": [
    "/mise/shims",
    "/mise/installs",
    "/usr/local/bin/mise",
    "/etc/mise/config.toml",
    "/root/.local/state/mise"
   ],
   "startingImage": "ghcr.io/railwayapp/railpack-builder-base:latest",
   "useSecrets": false,
   "variables": {
    "MISE_CACHE_DIR": "/mise/cache",
    "MISE_CONFIG_DIR": "/mise",
    "MISE_DATA_DIR": "/mise",
    "MISE_INSTALLS_DIR": "/mise/installs",
    "MISE_SHIMS_DIR": "/mise/shims"
   }
  },
  {
   "caches": [
    "apt",
    "apt-lists",
    "root"
   ],
   "commands": [
    {
     "cmd": "sh -c 'apt-get update \u0026\u0026 apt-get install -y git neofetch'",
     "customName": "install apt packages: git neofetch"
    }
   ],
   "name": "packages:apt:test",
   "useSecrets": false
  },
  {
   "caches": [
    "root"
   ],
   "commands": [
    {
     "cmd": "npm install"
    }
   ],
   "dependsOn": [
    "packages:apt:test"
   ],
   "name": "install",
   "outputs": [
    "node_modules"
   ]
  },
  {
   "caches": [
    "root"
   ],
   "commands": [
    {
     "cmd": "sh -c 'echo building'"
    }
   ],
   "dependsOn": [
    "install"
   ],
   "name": "build"
  },
  {
   "caches": [
    "apt",
    "apt-lists",
    "root"
   ],
   "commands": [
    {
     "cmd": "sh -c 'apt-get update \u0026\u0026 apt-get install -y curl'",
     "customName": "install apt packages: curl"
    }
   ],
   "name": "packages:apt:config",
   "useSecrets": false
  }
 ]
}
---
